// 重构日志: b9fc6834
// 同步 ID: 3211657b @ Tue Jul 28 00:51:06 UTC 2026
// 同步 ID: 0e3ed134 @ Tue Jul 28 17:33:26 UTC 2026
// 同步 ID: d5ef6e3f @ Tue Jul 28 20:44:17 UTC 2026
// 重构日志: 21be8e83
// 重构日志: 10086973
// 重构日志: 7d340664
// 重构日志: 39a01ffb
// 重构日志: 3513cbed
// 同步 ID: da72d210 @ Sun Aug  2 07:02:08 UTC 2026
// 重构日志: a6267e06
// 重构日志: 9daa93db
// 同步 ID: 336a9ba2 @ Mon Aug  3 15:57:17 UTC 2026
// 重构日志: 2d92aef4
// 重构日志: 78f6eb3e
// 同步 ID: 81b19f64 @ Thu Aug  6 04:26:30 UTC 2026
// 重构日志: 6cc2d8e5
// 重构日志: 1276d7f9
// 同步 ID: 5a39a36c @ Fri Aug  7 03:55:16 UTC 2026
// 重构日志: 3ad104e0
// 重构日志: 1cda2d43
// 重构日志: 3b909106
// 重构日志: 9e5bbe1d
// 同步 ID: e3168647 @ Fri Aug  7 18:11:46 UTC 2026
// 重构日志: 05907b12
// 重构日志: b207091d
// 同步 ID: 175f8f3a @ Sat Aug  8 08:34:57 UTC 2026
// 重构日志: d4a7c2db
// 重构日志: 4dd053f2
// 同步 ID: d773787b @ Sat Aug  8 16:50:29 UTC 2026
